Analysis & Synthesis report for Radix4Multiplier
Sat May 14 13:08:51 2022
Quartus Prime Version 20.1.0 Build 711 06/05/2020 SJ Lite Edition


---------------------
; Table of Contents ;
---------------------
  1. Legal Notice
  2. Analysis & Synthesis Summary
  3. Analysis & Synthesis Settings
  4. Parallel Compilation
  5. Analysis & Synthesis Source Files Read
  6. Analysis & Synthesis Resource Usage Summary
  7. Analysis & Synthesis Resource Utilization by Entity
  8. State Machine - |Radix4Multiplier|Controller:C|ps
  9. User-Specified and Inferred Latches
 10. Registers Removed During Synthesis
 11. General Register Statistics
 12. Multiplexer Restructuring Statistics (Restructuring Performed)
 13. Parameter Settings for User Entity Instance: Controller:C
 14. Port Connectivity Checks: "DataPath:D|MUX:mux"
 15. Post-Synthesis Netlist Statistics for Top Partition
 16. Elapsed Time Per Partition
 17. Analysis & Synthesis Messages



----------------
; Legal Notice ;
----------------
Copyright (C) 2020  Intel Corporation. All rights reserved.
Your use of Intel Corporation's design tools, logic functions 
and other software and tools, and any partner logic 
functions, and any output files from any of the foregoing 
(including device programming or simulation files), and any 
associated documentation or information are expressly subject 
to the terms and conditions of the Intel Program License 
Subscription Agreement, the Intel Quartus Prime License Agreement,
the Intel FPGA IP License Agreement, or other applicable license
agreement, including, without limitation, that your use is for
the sole purpose of programming logic devices manufactured by
Intel and sold by Intel or its authorized distributors.  Please
refer to the applicable agreement for further details, at
https://fpgasoftware.intel.com/eula.



+----------------------------------------------------------------------------------+
; Analysis & Synthesis Summary                                                     ;
+------------------------------------+---------------------------------------------+
; Analysis & Synthesis Status        ; Successful - Sat May 14 13:08:51 2022       ;
; Quartus Prime Version              ; 20.1.0 Build 711 06/05/2020 SJ Lite Edition ;
; Revision Name                      ; Radix4Multiplier                            ;
; Top-level Entity Name              ; Radix4Multiplier                            ;
; Family                             ; Cyclone IV E                                ;
; Total logic elements               ; 168                                         ;
;     Total combinational functions  ; 160                                         ;
;     Dedicated logic registers      ; 60                                          ;
; Total registers                    ; 60                                          ;
; Total pins                         ; 59                                          ;
; Total virtual pins                 ; 0                                           ;
; Total memory bits                  ; 0                                           ;
; Embedded Multiplier 9-bit elements ; 0                                           ;
; Total PLLs                         ; 0                                           ;
+------------------------------------+---------------------------------------------+


+------------------------------------------------------------------------------------------------------------+
; Analysis & Synthesis Settings                                                                              ;
+------------------------------------------------------------------+--------------------+--------------------+
; Option                                                           ; Setting            ; Default Value      ;
+------------------------------------------------------------------+--------------------+--------------------+
; Top-level entity name                                            ; Radix4Multiplier   ; Radix4Multiplier   ;
; Family name                                                      ; Cyclone IV E       ; Cyclone V          ;
; Use smart compilation                                            ; Off                ; Off                ;
; Enable parallel Assembler and Timing Analyzer during compilation ; On                 ; On                 ;
; Enable compact report table                                      ; Off                ; Off                ;
; Restructure Multiplexers                                         ; Auto               ; Auto               ;
; Create Debugging Nodes for IP Cores                              ; Off                ; Off                ;
; Preserve fewer node names                                        ; On                 ; On                 ;
; Intel FPGA IP Evaluation Mode                                    ; Enable             ; Enable             ;
; Verilog Version                                                  ; Verilog_2001       ; Verilog_2001       ;
; VHDL Version                                                     ; VHDL_1993          ; VHDL_1993          ;
; State Machine Processing                                         ; Auto               ; Auto               ;
; Safe State Machine                                               ; Off                ; Off                ;
; Extract Verilog State Machines                                   ; On                 ; On                 ;
; Extract VHDL State Machines                                      ; On                 ; On                 ;
; Ignore Verilog initial constructs                                ; Off                ; Off                ;
; Iteration limit for constant Verilog loops                       ; 5000               ; 5000               ;
; Iteration limit for non-constant Verilog loops                   ; 250                ; 250                ;
; Add Pass-Through Logic to Inferred RAMs                          ; On                 ; On                 ;
; Infer RAMs from Raw Logic                                        ; On                 ; On                 ;
; Parallel Synthesis                                               ; On                 ; On                 ;
; DSP Block Balancing                                              ; Auto               ; Auto               ;
; NOT Gate Push-Back                                               ; On                 ; On                 ;
; Power-Up Don't Care                                              ; On                 ; On                 ;
; Remove Redundant Logic Cells                                     ; Off                ; Off                ;
; Remove Duplicate Registers                                       ; On                 ; On                 ;
; Ignore CARRY Buffers                                             ; Off                ; Off                ;
; Ignore CASCADE Buffers                                           ; Off                ; Off                ;
; Ignore GLOBAL Buffers                                            ; Off                ; Off                ;
; Ignore ROW GLOBAL Buffers                                        ; Off                ; Off                ;
; Ignore LCELL Buffers                                             ; Off                ; Off                ;
; Ignore SOFT Buffers                                              ; On                 ; On                 ;
; Limit AHDL Integers to 32 Bits                                   ; Off                ; Off                ;
; Optimization Technique                                           ; Balanced           ; Balanced           ;
; Carry Chain Length                                               ; 70                 ; 70                 ;
; Auto Carry Chains                                                ; On                 ; On                 ;
; Auto Open-Drain Pins                                             ; On                 ; On                 ;
; Perform WYSIWYG Primitive Resynthesis                            ; Off                ; Off                ;
; Auto ROM Replacement                                             ; On                 ; On                 ;
; Auto RAM Replacement                                             ; On                 ; On                 ;
; Auto DSP Block Replacement                                       ; On                 ; On                 ;
; Auto Shift Register Replacement                                  ; Auto               ; Auto               ;
; Allow Shift Register Merging across Hierarchies                  ; Auto               ; Auto               ;
; Auto Clock Enable Replacement                                    ; On                 ; On                 ;
; Strict RAM Replacement                                           ; Off                ; Off                ;
; Allow Synchronous Control Signals                                ; On                 ; On                 ;
; Force Use of Synchronous Clear Signals                           ; Off                ; Off                ;
; Auto RAM Block Balancing                                         ; On                 ; On                 ;
; Auto RAM to Logic Cell Conversion                                ; Off                ; Off                ;
; Auto Resource Sharing                                            ; Off                ; Off                ;
; Allow Any RAM Size For Recognition                               ; Off                ; Off                ;
; Allow Any ROM Size For Recognition                               ; Off                ; Off                ;
; Allow Any Shift Register Size For Recognition                    ; Off                ; Off                ;
; Use LogicLock Constraints during Resource Balancing              ; On                 ; On                 ;
; Ignore translate_off and synthesis_off directives                ; Off                ; Off                ;
; Timing-Driven Synthesis                                          ; On                 ; On                 ;
; Report Parameter Settings                                        ; On                 ; On                 ;
; Report Source Assignments                                        ; On                 ; On                 ;
; Report Connectivity Checks                                       ; On                 ; On                 ;
; Ignore Maximum Fan-Out Assignments                               ; Off                ; Off                ;
; Synchronization Register Chain Length                            ; 2                  ; 2                  ;
; Power Optimization During Synthesis                              ; Normal compilation ; Normal compilation ;
; HDL message level                                                ; Level2             ; Level2             ;
; Suppress Register Optimization Related Messages                  ; Off                ; Off                ;
; Number of Removed Registers Reported in Synthesis Report         ; 5000               ; 5000               ;
; Number of Swept Nodes Reported in Synthesis Report               ; 5000               ; 5000               ;
; Number of Inverted Registers Reported in Synthesis Report        ; 100                ; 100                ;
; Clock MUX Protection                                             ; On                 ; On                 ;
; Auto Gated Clock Conversion                                      ; Off                ; Off                ;
; Block Design Naming                                              ; Auto               ; Auto               ;
; SDC constraint protection                                        ; Off                ; Off                ;
; Synthesis Effort                                                 ; Auto               ; Auto               ;
; Shift Register Replacement - Allow Asynchronous Clear Signal     ; On                 ; On                 ;
; Pre-Mapping Resynthesis Optimization                             ; Off                ; Off                ;
; Analysis & Synthesis Message Level                               ; Medium             ; Medium             ;
; Disable Register Merging Across Hierarchies                      ; Auto               ; Auto               ;
; Resource Aware Inference For Block RAM                           ; On                 ; On                 ;
+------------------------------------------------------------------+--------------------+--------------------+


+------------------------------------------+
; Parallel Compilation                     ;
+----------------------------+-------------+
; Processors                 ; Number      ;
+----------------------------+-------------+
; Number detected on machine ; 8           ;
; Maximum allowed            ; 4           ;
;                            ;             ;
; Average used               ; 1.00        ;
; Maximum used               ; 4           ;
;                            ;             ;
; Usage by Processor         ; % Time Used ;
;     Processor 1            ; 100.0%      ;
;     Processors 2-4         ;   0.0%      ;
+----------------------------+-------------+


+-----------------------------------------------------------------------------------------------------------------------+
; Analysis & Synthesis Source Files Read                                                                                ;
+----------------------------------+-----------------+------------------------+-------------------------------+---------+
; File Name with User-Entered Path ; Used in Netlist ; File Type              ; File Name with Absolute Path  ; Library ;
+----------------------------------+-----------------+------------------------+-------------------------------+---------+
; G:/DLDLab2/Radix4Multiplier.v    ; yes             ; User Verilog HDL File  ; G:/DLDLab2/Radix4Multiplier.v ;         ;
; G:/DLDLab2/Hexdisplay.v          ; yes             ; User Verilog HDL File  ; G:/DLDLab2/Hexdisplay.v       ;         ;
; G:/DLDLab2/DataPath.v            ; yes             ; User Verilog HDL File  ; G:/DLDLab2/DataPath.v         ;         ;
; G:/DLDLab2/controller.v          ; yes             ; User Verilog HDL File  ; G:/DLDLab2/controller.v       ;         ;
+----------------------------------+-----------------+------------------------+-------------------------------+---------+


+---------------------------------------------------------+
; Analysis & Synthesis Resource Usage Summary             ;
+---------------------------------------------+-----------+
; Resource                                    ; Usage     ;
+---------------------------------------------+-----------+
; Estimated Total logic elements              ; 168       ;
;                                             ;           ;
; Total combinational functions               ; 160       ;
; Logic element usage by number of LUT inputs ;           ;
;     -- 4 input functions                    ; 69        ;
;     -- 3 input functions                    ; 75        ;
;     -- <=2 input functions                  ; 16        ;
;                                             ;           ;
; Logic elements by mode                      ;           ;
;     -- normal mode                          ; 144       ;
;     -- arithmetic mode                      ; 16        ;
;                                             ;           ;
; Total registers                             ; 60        ;
;     -- Dedicated logic registers            ; 60        ;
;     -- I/O registers                        ; 0         ;
;                                             ;           ;
; I/O pins                                    ; 59        ;
;                                             ;           ;
; Embedded Multiplier 9-bit elements          ; 0         ;
;                                             ;           ;
; Maximum fan-out node                        ; clk~input ;
; Maximum fan-out                             ; 60        ;
; Total fan-out                               ; 820       ;
; Average fan-out                             ; 2.43      ;
+---------------------------------------------+-----------+


+-------------------------------------------------------------------------------------------------------------------------------------------------------------------------------------------------------------------------------------------------+
; Analysis & Synthesis Resource Utilization by Entity                                                                                                                                                                                             ;
+-------------------------------+---------------------+---------------------------+-------------+--------------+---------+-----------+------+--------------+----------------------------------------------------+------------------+--------------+
; Compilation Hierarchy Node    ; Combinational ALUTs ; Dedicated Logic Registers ; Memory Bits ; DSP Elements ; DSP 9x9 ; DSP 18x18 ; Pins ; Virtual Pins ; Full Hierarchy Name                                ; Entity Name      ; Library Name ;
+-------------------------------+---------------------+---------------------------+-------------+--------------+---------+-----------+------+--------------+----------------------------------------------------+------------------+--------------+
; |Radix4Multiplier             ; 160 (0)             ; 60 (0)                    ; 0           ; 0            ; 0       ; 0         ; 59   ; 0            ; |Radix4Multiplier                                  ; Radix4Multiplier ; work         ;
;    |Controller:C|             ; 22 (22)             ; 13 (13)                   ; 0           ; 0            ; 0       ; 0         ; 0    ; 0            ; |Radix4Multiplier|Controller:C                     ; Controller       ; work         ;
;    |DataPath:D|               ; 110 (0)             ; 47 (0)                    ; 0           ; 0            ; 0       ; 0         ; 0    ; 0            ; |Radix4Multiplier|DataPath:D                       ; DataPath         ; work         ;
;       |Adder:addSub|          ; 47 (47)             ; 0 (0)                     ; 0           ; 0            ; 0       ; 0         ; 0    ; 0            ; |Radix4Multiplier|DataPath:D|Adder:addSub          ; Adder            ; work         ;
;       |Mux2:mux2|             ; 16 (16)             ; 0 (0)                     ; 0           ; 0            ; 0       ; 0         ; 0    ; 0            ; |Radix4Multiplier|DataPath:D|Mux2:mux2             ; Mux2             ; work         ;
;       |RegB:registerB|        ; 10 (10)             ; 16 (16)                   ; 0           ; 0            ; 0       ; 0         ; 0    ; 0            ; |Radix4Multiplier|DataPath:D|RegB:registerB        ; RegB             ; work         ;
;       |RegPartial:registerP|  ; 16 (16)             ; 14 (14)                   ; 0           ; 0            ; 0       ; 0         ; 0    ; 0            ; |Radix4Multiplier|DataPath:D|RegPartial:registerP  ; RegPartial       ; work         ;
;       |ShiftRegA:registerShA| ; 21 (21)             ; 17 (17)                   ; 0           ; 0            ; 0       ; 0         ; 0    ; 0            ; |Radix4Multiplier|DataPath:D|ShiftRegA:registerShA ; ShiftRegA        ; work         ;
;    |Hexdisplay:HD1|           ; 7 (7)               ; 0 (0)                     ; 0           ; 0            ; 0       ; 0         ; 0    ; 0            ; |Radix4Multiplier|Hexdisplay:HD1                   ; Hexdisplay       ; work         ;
;    |Hexdisplay:HD2|           ; 7 (7)               ; 0 (0)                     ; 0           ; 0            ; 0       ; 0         ; 0    ; 0            ; |Radix4Multiplier|Hexdisplay:HD2                   ; Hexdisplay       ; work         ;
;    |Hexdisplay:HD3|           ; 7 (7)               ; 0 (0)                     ; 0           ; 0            ; 0       ; 0         ; 0    ; 0            ; |Radix4Multiplier|Hexdisplay:HD3                   ; Hexdisplay       ; work         ;
;    |Hexdisplay:HD4|           ; 7 (7)               ; 0 (0)                     ; 0           ; 0            ; 0       ; 0         ; 0    ; 0            ; |Radix4Multiplier|Hexdisplay:HD4                   ; Hexdisplay       ; work         ;
+-------------------------------+---------------------+---------------------------+-------------+--------------+---------+-----------+------+--------------+----------------------------------------------------+------------------+--------------+
Note: For table entries with two numbers listed, the numbers in parentheses indicate the number of resources of the given type used by the specific entity alone. The numbers listed outside of parentheses indicate the total resources of the given type used by the specific entity and all of its sub-entities in the hierarchy.


Encoding Type:  One-Hot
+-----------------------------------------------------------------------------------------------------------------------------------+
; State Machine - |Radix4Multiplier|Controller:C|ps                                                                                 ;
+---------------+---------------+---------------+-----------+---------+----------+---------+---------+----------+---------+---------+
; Name          ; ps.MuxSelect2 ; ps.MuxSelect1 ; ps.Select ; ps.MsbB ; ps.WaitB ; ps.LsbB ; ps.MsbA ; ps.WaitA ; ps.LsbA ; ps.Idle ;
+---------------+---------------+---------------+-----------+---------+----------+---------+---------+----------+---------+---------+
; ps.Idle       ; 0             ; 0             ; 0         ; 0       ; 0        ; 0       ; 0       ; 0        ; 0       ; 0       ;
; ps.LsbA       ; 0             ; 0             ; 0         ; 0       ; 0        ; 0       ; 0       ; 0        ; 1       ; 1       ;
; ps.WaitA      ; 0             ; 0             ; 0         ; 0       ; 0        ; 0       ; 0       ; 1        ; 0       ; 1       ;
; ps.MsbA       ; 0             ; 0             ; 0         ; 0       ; 0        ; 0       ; 1       ; 0        ; 0       ; 1       ;
; ps.LsbB       ; 0             ; 0             ; 0         ; 0       ; 0        ; 1       ; 0       ; 0        ; 0       ; 1       ;
; ps.WaitB      ; 0             ; 0             ; 0         ; 0       ; 1        ; 0       ; 0       ; 0        ; 0       ; 1       ;
; ps.MsbB       ; 0             ; 0             ; 0         ; 1       ; 0        ; 0       ; 0       ; 0        ; 0       ; 1       ;
; ps.Select     ; 0             ; 0             ; 1         ; 0       ; 0        ; 0       ; 0       ; 0        ; 0       ; 1       ;
; ps.MuxSelect1 ; 0             ; 1             ; 0         ; 0       ; 0        ; 0       ; 0       ; 0        ; 0       ; 1       ;
; ps.MuxSelect2 ; 1             ; 0             ; 0         ; 0       ; 0        ; 0       ; 0       ; 0        ; 0       ; 1       ;
+---------------+---------------+---------------+-----------+---------+----------+---------+---------+----------+---------+---------+


+------------------------------------------------------------------------------------------------------+
; User-Specified and Inferred Latches                                                                  ;
+----------------------------------------------------+------------------------+------------------------+
; Latch Name                                         ; Latch Enable Signal    ; Free of Timing Hazards ;
+----------------------------------------------------+------------------------+------------------------+
; Controller:C|sel[0]                                ; Controller:C|ps.Select ; yes                    ;
; Controller:C|sel[1]                                ; Controller:C|ps.Select ; yes                    ;
; Number of user-specified and inferred latches = 2  ;                        ;                        ;
+----------------------------------------------------+------------------------+------------------------+
Note: All latches listed above may not be present at the end of synthesis due to various synthesis optimizations.


+--------------------------------------------------------------------------------------------------+
; Registers Removed During Synthesis                                                               ;
+--------------------------------------------+-----------------------------------------------------+
; Register name                              ; Reason for Removal                                  ;
+--------------------------------------------+-----------------------------------------------------+
; DataPath:D|RegPartial:registerP|out[14,15] ; Merged with DataPath:D|RegPartial:registerP|out[13] ;
; Controller:C|ps~4                          ; Lost fanout                                         ;
; Controller:C|ps~5                          ; Lost fanout                                         ;
; Controller:C|ps~6                          ; Lost fanout                                         ;
; Controller:C|ps~7                          ; Lost fanout                                         ;
; Total Number of Removed Registers = 6      ;                                                     ;
+--------------------------------------------+-----------------------------------------------------+


+------------------------------------------------------+
; General Register Statistics                          ;
+----------------------------------------------+-------+
; Statistic                                    ; Value ;
+----------------------------------------------+-------+
; Total registers                              ; 60    ;
; Number of registers using Synchronous Clear  ; 1     ;
; Number of registers using Synchronous Load   ; 0     ;
; Number of registers using Asynchronous Clear ; 13    ;
; Number of registers using Asynchronous Load  ; 0     ;
; Number of registers using Clock Enable       ; 49    ;
; Number of registers using Preset             ; 0     ;
+----------------------------------------------+-------+


+--------------------------------------------------------------------------------------------------------------------------------------------------------------------------+
; Multiplexer Restructuring Statistics (Restructuring Performed)                                                                                                           ;
+--------------------+-----------+---------------+----------------------+------------------------+------------+------------------------------------------------------------+
; Multiplexer Inputs ; Bus Width ; Baseline Area ; Area if Restructured ; Saving if Restructured ; Registered ; Example Multiplexer Output                                 ;
+--------------------+-----------+---------------+----------------------+------------------------+------------+------------------------------------------------------------+
; 3:1                ; 3 bits    ; 6 LEs         ; 3 LEs                ; 3 LEs                  ; Yes        ; |Radix4Multiplier|Controller:C|counter[2]                  ;
; 3:1                ; 8 bits    ; 16 LEs        ; 8 LEs                ; 8 LEs                  ; Yes        ; |Radix4Multiplier|DataPath:D|RegB:registerB|out[7]         ;
; 3:1                ; 8 bits    ; 16 LEs        ; 8 LEs                ; 8 LEs                  ; Yes        ; |Radix4Multiplier|DataPath:D|RegB:registerB|out[9]         ;
; 4:1                ; 14 bits   ; 28 LEs        ; 14 LEs               ; 14 LEs                 ; Yes        ; |Radix4Multiplier|DataPath:D|RegPartial:registerP|out[3]   ;
; 5:1                ; 8 bits    ; 24 LEs        ; 16 LEs               ; 8 LEs                  ; Yes        ; |Radix4Multiplier|DataPath:D|ShiftRegA:registerShA|out[8]  ;
; 6:1                ; 8 bits    ; 32 LEs        ; 16 LEs               ; 16 LEs                 ; Yes        ; |Radix4Multiplier|DataPath:D|ShiftRegA:registerShA|out[14] ;
; 6:1                ; 14 bits   ; 56 LEs        ; 56 LEs               ; 0 LEs                  ; No         ; |Radix4Multiplier|DataPath:D|Adder:addSub|Add0             ;
+--------------------+-----------+---------------+----------------------+------------------------+------------+------------------------------------------------------------+


+-----------------------------------------------------------+
; Parameter Settings for User Entity Instance: Controller:C ;
+----------------+-------+----------------------------------+
; Parameter Name ; Value ; Type                             ;
+----------------+-------+----------------------------------+
; Idle           ; 0000  ; Unsigned Binary                  ;
; LsbA           ; 0001  ; Unsigned Binary                  ;
; WaitA          ; 0010  ; Unsigned Binary                  ;
; MsbA           ; 0011  ; Unsigned Binary                  ;
; LsbB           ; 0100  ; Unsigned Binary                  ;
; WaitB          ; 0101  ; Unsigned Binary                  ;
; MsbB           ; 0110  ; Unsigned Binary                  ;
; Select         ; 0111  ; Unsigned Binary                  ;
; MuxSelect1     ; 1000  ; Unsigned Binary                  ;
; MuxSelect2     ; 1001  ; Unsigned Binary                  ;
+----------------+-------+----------------------------------+
Note: In order to hide this table in the UI and the text report file, please set the "Show Parameter Settings in Synthesis Report" option in "Analysis and Synthesis Settings -> More Settings" to "Off".


+------------------------------------------------+
; Port Connectivity Checks: "DataPath:D|MUX:mux" ;
+-----------+-------+----------+-----------------+
; Port      ; Type  ; Severity ; Details         ;
+-----------+-------+----------+-----------------+
; in1[1..0] ; Input ; Info     ; Stuck at GND    ;
; in2       ; Input ; Info     ; Stuck at GND    ;
; in4       ; Input ; Info     ; Stuck at GND    ;
+-----------+-------+----------+-----------------+


+-----------------------------------------------------+
; Post-Synthesis Netlist Statistics for Top Partition ;
+-----------------------+-----------------------------+
; Type                  ; Count                       ;
+-----------------------+-----------------------------+
; boundary_port         ; 59                          ;
; cycloneiii_ff         ; 60                          ;
;     CLR               ; 10                          ;
;     ENA               ; 46                          ;
;     ENA CLR           ; 3                           ;
;     SCLR              ; 1                           ;
; cycloneiii_lcell_comb ; 164                         ;
;     arith             ; 16                          ;
;         3 data inputs ; 16                          ;
;     normal            ; 148                         ;
;         1 data inputs ; 4                           ;
;         2 data inputs ; 16                          ;
;         3 data inputs ; 59                          ;
;         4 data inputs ; 69                          ;
;                       ;                             ;
; Max LUT depth         ; 7.50                        ;
; Average LUT depth     ; 4.63                        ;
+-----------------------+-----------------------------+


+-------------------------------+
; Elapsed Time Per Partition    ;
+----------------+--------------+
; Partition Name ; Elapsed Time ;
+----------------+--------------+
; Top            ; 00:00:00     ;
+----------------+--------------+


+-------------------------------+
; Analysis & Synthesis Messages ;
+-------------------------------+
Info: *******************************************************************
Info: Running Quartus Prime Analysis & Synthesis
    Info: Version 20.1.0 Build 711 06/05/2020 SJ Lite Edition
    Info: Processing started: Sat May 14 13:08:43 2022
Info: Command: quartus_map --read_settings_files=on --write_settings_files=off Radix4Multiplier -c Radix4Multiplier
Warning (18236): Number of processors has not been specified which may cause overloading on shared machines.  Set the global assignment NUM_PARALLEL_PROCESSORS in your QSF to an appropriate value for best performance.
Info (20030): Parallel compilation is enabled and will use 4 of the 4 processors detected
Info (12021): Found 1 design units, including 1 entities, in source file g:/dldlab2/testbench.v
    Info (12023): Found entity 1: TestBench File: G:/DLDLab2/TestBench.v Line: 2
Info (12021): Found 1 design units, including 1 entities, in source file g:/dldlab2/radix4multiplier.v
    Info (12023): Found entity 1: Radix4Multiplier File: G:/DLDLab2/Radix4Multiplier.v Line: 1
Info (12021): Found 1 design units, including 1 entities, in source file g:/dldlab2/hexdisplay.v
    Info (12023): Found entity 1: Hexdisplay File: G:/DLDLab2/Hexdisplay.v Line: 8
Warning (12090): Entity "MUX" obtained from "G:/DLDLab2/DataPath.v" instead of from Quartus Prime megafunction library File: G:/DLDLab2/DataPath.v Line: 38
Info (12021): Found 7 design units, including 7 entities, in source file g:/dldlab2/datapath.v
    Info (12023): Found entity 1: ShiftRegA File: G:/DLDLab2/DataPath.v Line: 1
    Info (12023): Found entity 2: RegB File: G:/DLDLab2/DataPath.v Line: 16
    Info (12023): Found entity 3: RegPartial File: G:/DLDLab2/DataPath.v Line: 27
    Info (12023): Found entity 4: MUX File: G:/DLDLab2/DataPath.v Line: 38
    Info (12023): Found entity 5: Mux2 File: G:/DLDLab2/DataPath.v Line: 46
    Info (12023): Found entity 6: Adder File: G:/DLDLab2/DataPath.v Line: 50
    Info (12023): Found entity 7: DataPath File: G:/DLDLab2/DataPath.v Line: 58
Info (12021): Found 1 design units, including 1 entities, in source file g:/dldlab2/controller.v
    Info (12023): Found entity 1: Controller File: G:/DLDLab2/controller.v Line: 1
Info (12127): Elaborating entity "Radix4Multiplier" for the top level hierarchy
Info (12128): Elaborating entity "DataPath" for hierarchy "DataPath:D" File: G:/DLDLab2/Radix4Multiplier.v Line: 8
Info (12128): Elaborating entity "ShiftRegA" for hierarchy "DataPath:D|ShiftRegA:registerShA" File: G:/DLDLab2/DataPath.v Line: 67
Info (12128): Elaborating entity "RegB" for hierarchy "DataPath:D|RegB:registerB" File: G:/DLDLab2/DataPath.v Line: 68
Info (12128): Elaborating entity "RegPartial" for hierarchy "DataPath:D|RegPartial:registerP" File: G:/DLDLab2/DataPath.v Line: 69
Info (12128): Elaborating entity "MUX" for hierarchy "DataPath:D|MUX:mux" File: G:/DLDLab2/DataPath.v Line: 70
Info (12128): Elaborating entity "Adder" for hierarchy "DataPath:D|Adder:addSub" File: G:/DLDLab2/DataPath.v Line: 71
Info (12128): Elaborating entity "Mux2" for hierarchy "DataPath:D|Mux2:mux2" File: G:/DLDLab2/DataPath.v Line: 72
Info (12128): Elaborating entity "Controller" for hierarchy "Controller:C" File: G:/DLDLab2/Radix4Multiplier.v Line: 11
Warning (10240): Verilog HDL Always Construct warning at controller.v(8): inferring latch(es) for variable "sel", which holds its previous value in one or more paths through the always construct File: G:/DLDLab2/controller.v Line: 8
Info (10041): Inferred latch for "sel[0]" at controller.v(8) File: G:/DLDLab2/controller.v Line: 8
Info (10041): Inferred latch for "sel[1]" at controller.v(8) File: G:/DLDLab2/controller.v Line: 8
Info (12128): Elaborating entity "Hexdisplay" for hierarchy "Hexdisplay:HD1" File: G:/DLDLab2/Radix4Multiplier.v Line: 14
Info (286030): Timing-Driven Synthesis is running
Info (17049): 4 registers lost all their fanouts during netlist optimizations.
Info (16010): Generating hard_block partition "hard_block:auto_generated_inst"
    Info (16011): Adding 0 node(s), including 0 DDIO, 0 PLL, 0 transceiver and 0 LCELL
Info (21057): Implemented 235 device resources after synthesis - the final resource count might be different
    Info (21058): Implemented 14 input pins
    Info (21059): Implemented 45 output pins
    Info (21061): Implemented 176 logic cells
Info: Quartus Prime Analysis & Synthesis was successful. 0 errors, 3 warnings
    Info: Peak virtual memory: 4758 megabytes
    Info: Processing ended: Sat May 14 13:08:51 2022
    Info: Elapsed time: 00:00:08
    Info: Total CPU time (on all processors): 00:00:16


